// Jest Snapshot v1, https://goo.gl/fbAQLP

exports[`Annotate block Annotate block should be available 1`] = `"<!-- wp:multiple-blocks-plugin/annotate /-->"`;
